// Jest Snapshot v1, https://goo.gl/fbAQLP

exports[`Error renders correctly 1`] = `
<a
  href="https://github.com"
  rel="noopener noreferrer"
  target="_blank"
  title="author: repository owner"
>
  repository name
</a>
`;
