// Jest Snapshot v1, https://goo.gl/fbAQLP

exports[`Loader renders correctly 1`] = `
<div>
  <div
    className="spinner"
  />
  <div
    className="text"
  >
    Loading
  </div>
</div>
`;
